Archive member included to satisfy reference by file (symbol)

c:/program files/microchip/xc8/v2.36/avr/bin/../lib/gcc/avr/5.4.0/avrxmega4/memx-const/mapped\libgcc.a(_copy_data.o)
                              build/default/production/main.o (__do_clear_bss)
c:/program files/microchip/xc8/v2.36/avr/bin/../lib/gcc/avr/5.4.0/../../../../avr/lib/avrxmega4/memx-const/mapped\libc.a(exit.o)
                              C:/Program Files/Microchip/MPLABX/v6.00/packs/Microchip/AVR-Dx_DFP/1.10.124/xc8/avr/lib/avrxmega4/memx-const/mapped/crtavr128da48.o (exit)
c:/program files/microchip/xc8/v2.36/avr/bin/../lib/gcc/avr/5.4.0/../../../../avr/lib/avrxmega4/memx-const/mapped\libc.a(memset.o)
                              build/default/production/main.o (memset)
c:/program files/microchip/xc8/v2.36/avr/bin/../lib/gcc/avr/5.4.0/../../../../avr/lib/avrxmega4/memx-const/mapped\libc.a(strcmp.o)
                              build/default/production/command.o (strcmp)
c:/program files/microchip/xc8/v2.36/avr/bin/../lib/gcc/avr/5.4.0/../../../../avr/lib/avrxmega4/memx-const/mapped\libc.a(strcpy.o)
                              build/default/production/command.o (strcpy)
c:/program files/microchip/xc8/v2.36/avr/bin/../lib/gcc/avr/5.4.0/../../../../avr/lib/avrxmega4/memx-const/mapped\libc.a(_Exit.o)
                              c:/program files/microchip/xc8/v2.36/avr/bin/../lib/gcc/avr/5.4.0/../../../../avr/lib/avrxmega4/memx-const/mapped\libc.a(exit.o) (_Exit)
c:/program files/microchip/xc8/v2.36/avr/bin/../lib/gcc/avr/5.4.0/avrxmega4/memx-const/mapped\libgcc.a(_exit.o)
                              c:/program files/microchip/xc8/v2.36/avr/bin/../lib/gcc/avr/5.4.0/../../../../avr/lib/avrxmega4/memx-const/mapped\libc.a(_Exit.o) (_exit)

Discarded input sections

 .data          0x0000000000000000        0x0 C:/Program Files/Microchip/MPLABX/v6.00/packs/Microchip/AVR-Dx_DFP/1.10.124/xc8/avr/lib/avrxmega4/memx-const/mapped/crtavr128da48.o
 .bss           0x0000000000000000        0x0 C:/Program Files/Microchip/MPLABX/v6.00/packs/Microchip/AVR-Dx_DFP/1.10.124/xc8/avr/lib/avrxmega4/memx-const/mapped/crtavr128da48.o
 .text          0x0000000000000000        0x0 build/default/production/main.o
 .data          0x0000000000000000        0x0 build/default/production/main.o
 .bss           0x0000000000000000        0x0 build/default/production/main.o
 .text.MCU_Init_Ports
                0x0000000000000000        0x8 build/default/production/main.o
 .text          0x0000000000000000        0x0 build/default/production/usart.o
 .data          0x0000000000000000        0x0 build/default/production/usart.o
 .bss           0x0000000000000000        0x0 build/default/production/usart.o
 .text          0x0000000000000000        0x0 build/default/production/command.o
 .data          0x0000000000000000        0x0 build/default/production/command.o
 .bss           0x0000000000000000        0x0 build/default/production/command.o
 .text          0x0000000000000000        0x0 c:/program files/microchip/xc8/v2.36/avr/bin/../lib/gcc/avr/5.4.0/avrxmega4/memx-const/mapped\libgcc.a(_copy_data.o)
 .data          0x0000000000000000        0x0 c:/program files/microchip/xc8/v2.36/avr/bin/../lib/gcc/avr/5.4.0/avrxmega4/memx-const/mapped\libgcc.a(_copy_data.o)
 .bss           0x0000000000000000        0x0 c:/program files/microchip/xc8/v2.36/avr/bin/../lib/gcc/avr/5.4.0/avrxmega4/memx-const/mapped\libgcc.a(_copy_data.o)
 .text.libgcc.mul
                0x0000000000000000        0x0 c:/program files/microchip/xc8/v2.36/avr/bin/../lib/gcc/avr/5.4.0/avrxmega4/memx-const/mapped\libgcc.a(_copy_data.o)
 .text.libgcc.div
                0x0000000000000000        0x0 c:/program files/microchip/xc8/v2.36/avr/bin/../lib/gcc/avr/5.4.0/avrxmega4/memx-const/mapped\libgcc.a(_copy_data.o)
 .text.libgcc   0x0000000000000000        0x0 c:/program files/microchip/xc8/v2.36/avr/bin/../lib/gcc/avr/5.4.0/avrxmega4/memx-const/mapped\libgcc.a(_copy_data.o)
 .text.libgcc.prologue
                0x0000000000000000        0x0 c:/program files/microchip/xc8/v2.36/avr/bin/../lib/gcc/avr/5.4.0/avrxmega4/memx-const/mapped\libgcc.a(_copy_data.o)
 .text.libgcc.builtins
                0x0000000000000000        0x0 c:/program files/microchip/xc8/v2.36/avr/bin/../lib/gcc/avr/5.4.0/avrxmega4/memx-const/mapped\libgcc.a(_copy_data.o)
 .text.libgcc.fmul
                0x0000000000000000        0x0 c:/program files/microchip/xc8/v2.36/avr/bin/../lib/gcc/avr/5.4.0/avrxmega4/memx-const/mapped\libgcc.a(_copy_data.o)
 .text.libgcc.fixed
                0x0000000000000000        0x0 c:/program files/microchip/xc8/v2.36/avr/bin/../lib/gcc/avr/5.4.0/avrxmega4/memx-const/mapped\libgcc.a(_copy_data.o)
 .text          0x0000000000000000        0x0 c:/program files/microchip/xc8/v2.36/avr/bin/../lib/gcc/avr/5.4.0/../../../../avr/lib/avrxmega4/memx-const/mapped\libc.a(exit.o)
 .data          0x0000000000000000        0x0 c:/program files/microchip/xc8/v2.36/avr/bin/../lib/gcc/avr/5.4.0/../../../../avr/lib/avrxmega4/memx-const/mapped\libc.a(exit.o)
 .bss           0x0000000000000000        0x0 c:/program files/microchip/xc8/v2.36/avr/bin/../lib/gcc/avr/5.4.0/../../../../avr/lib/avrxmega4/memx-const/mapped\libc.a(exit.o)
 .text          0x0000000000000000        0x0 c:/program files/microchip/xc8/v2.36/avr/bin/../lib/gcc/avr/5.4.0/../../../../avr/lib/avrxmega4/memx-const/mapped\libc.a(memset.o)
 .data          0x0000000000000000        0x0 c:/program files/microchip/xc8/v2.36/avr/bin/../lib/gcc/avr/5.4.0/../../../../avr/lib/avrxmega4/memx-const/mapped\libc.a(memset.o)
 .bss           0x0000000000000000        0x0 c:/program files/microchip/xc8/v2.36/avr/bin/../lib/gcc/avr/5.4.0/../../../../avr/lib/avrxmega4/memx-const/mapped\libc.a(memset.o)
 .text          0x0000000000000000        0x0 c:/program files/microchip/xc8/v2.36/avr/bin/../lib/gcc/avr/5.4.0/../../../../avr/lib/avrxmega4/memx-const/mapped\libc.a(strcmp.o)
 .data          0x0000000000000000        0x0 c:/program files/microchip/xc8/v2.36/avr/bin/../lib/gcc/avr/5.4.0/../../../../avr/lib/avrxmega4/memx-const/mapped\libc.a(strcmp.o)
 .bss           0x0000000000000000        0x0 c:/program files/microchip/xc8/v2.36/avr/bin/../lib/gcc/avr/5.4.0/../../../../avr/lib/avrxmega4/memx-const/mapped\libc.a(strcmp.o)
 .text          0x0000000000000000        0x0 c:/program files/microchip/xc8/v2.36/avr/bin/../lib/gcc/avr/5.4.0/../../../../avr/lib/avrxmega4/memx-const/mapped\libc.a(strcpy.o)
 .data          0x0000000000000000        0x0 c:/program files/microchip/xc8/v2.36/avr/bin/../lib/gcc/avr/5.4.0/../../../../avr/lib/avrxmega4/memx-const/mapped\libc.a(strcpy.o)
 .bss           0x0000000000000000        0x0 c:/program files/microchip/xc8/v2.36/avr/bin/../lib/gcc/avr/5.4.0/../../../../avr/lib/avrxmega4/memx-const/mapped\libc.a(strcpy.o)
 .text          0x0000000000000000        0x0 c:/program files/microchip/xc8/v2.36/avr/bin/../lib/gcc/avr/5.4.0/../../../../avr/lib/avrxmega4/memx-const/mapped\libc.a(_Exit.o)
 .data          0x0000000000000000        0x0 c:/program files/microchip/xc8/v2.36/avr/bin/../lib/gcc/avr/5.4.0/../../../../avr/lib/avrxmega4/memx-const/mapped\libc.a(_Exit.o)
 .bss           0x0000000000000000        0x0 c:/program files/microchip/xc8/v2.36/avr/bin/../lib/gcc/avr/5.4.0/../../../../avr/lib/avrxmega4/memx-const/mapped\libc.a(_Exit.o)
 .text          0x0000000000000000        0x0 c:/program files/microchip/xc8/v2.36/avr/bin/../lib/gcc/avr/5.4.0/avrxmega4/memx-const/mapped\libgcc.a(_exit.o)
 .data          0x0000000000000000        0x0 c:/program files/microchip/xc8/v2.36/avr/bin/../lib/gcc/avr/5.4.0/avrxmega4/memx-const/mapped\libgcc.a(_exit.o)
 .bss           0x0000000000000000        0x0 c:/program files/microchip/xc8/v2.36/avr/bin/../lib/gcc/avr/5.4.0/avrxmega4/memx-const/mapped\libgcc.a(_exit.o)
 .text.libgcc.mul
                0x0000000000000000        0x0 c:/program files/microchip/xc8/v2.36/avr/bin/../lib/gcc/avr/5.4.0/avrxmega4/memx-const/mapped\libgcc.a(_exit.o)
 .text.libgcc.div
                0x0000000000000000        0x0 c:/program files/microchip/xc8/v2.36/avr/bin/../lib/gcc/avr/5.4.0/avrxmega4/memx-const/mapped\libgcc.a(_exit.o)
 .text.libgcc   0x0000000000000000        0x0 c:/program files/microchip/xc8/v2.36/avr/bin/../lib/gcc/avr/5.4.0/avrxmega4/memx-const/mapped\libgcc.a(_exit.o)
 .text.libgcc.prologue
                0x0000000000000000        0x0 c:/program files/microchip/xc8/v2.36/avr/bin/../lib/gcc/avr/5.4.0/avrxmega4/memx-const/mapped\libgcc.a(_exit.o)
 .stack.descriptors
                0x0000000000000000       0x13 c:/program files/microchip/xc8/v2.36/avr/bin/../lib/gcc/avr/5.4.0/avrxmega4/memx-const/mapped\libgcc.a(_exit.o)
 .text.libgcc.builtins
                0x0000000000000000        0x0 c:/program files/microchip/xc8/v2.36/avr/bin/../lib/gcc/avr/5.4.0/avrxmega4/memx-const/mapped\libgcc.a(_exit.o)
 .text.libgcc.fmul
                0x0000000000000000        0x0 c:/program files/microchip/xc8/v2.36/avr/bin/../lib/gcc/avr/5.4.0/avrxmega4/memx-const/mapped\libgcc.a(_exit.o)
 .text.libgcc.fixed
                0x0000000000000000        0x0 c:/program files/microchip/xc8/v2.36/avr/bin/../lib/gcc/avr/5.4.0/avrxmega4/memx-const/mapped\libgcc.a(_exit.o)

Memory Configuration

Name             Origin             Length             Attributes
text             0x0000000000000000 0x0000000000020000 xr
data             0x0000000000804000 0x0000000000004000 rw !x
eeprom           0x0000000000810000 0x0000000000000200 rw !x
fuse             0x0000000000820000 0x0000000000000010 rw !x
lock             0x0000000000830000 0x0000000000000400 rw !x
signature        0x0000000000840000 0x0000000000000400 rw !x
user_signatures  0x0000000000850000 0x0000000000000400 rw !x
*default*        0x0000000000000000 0xffffffffffffffff

Linker script and memory map

Address of section .data set to 0x804000
                0x0000000000008000                __RODATA_PM_OFFSET__ = 0x8000
LOAD C:/Program Files/Microchip/MPLABX/v6.00/packs/Microchip/AVR-Dx_DFP/1.10.124/xc8/avr/lib/avrxmega4/memx-const/mapped/crtavr128da48.o
                0x0000000000000001                __MPLAB_BUILD = 0x1
LOAD build/default/production/main.o
LOAD build/default/production/usart.o
LOAD build/default/production/command.o
START GROUP
LOAD c:/program files/microchip/xc8/v2.36/avr/bin/../lib/gcc/avr/5.4.0/../../../../avr/lib/avrxmega4/memx-const/mapped\libm.a
END GROUP
START GROUP
LOAD c:/program files/microchip/xc8/v2.36/avr/bin/../lib/gcc/avr/5.4.0/avrxmega4/memx-const/mapped\libgcc.a
LOAD c:/program files/microchip/xc8/v2.36/avr/bin/../lib/gcc/avr/5.4.0/../../../../avr/lib/avrxmega4/memx-const/mapped\libm.a
LOAD c:/program files/microchip/xc8/v2.36/avr/bin/../lib/gcc/avr/5.4.0/../../../../avr/lib/avrxmega4/memx-const/mapped\libc.a
LOAD C:/Program Files/Microchip/MPLABX/v6.00/packs/Microchip/AVR-Dx_DFP/1.10.124/xc8/avr/lib/avrxmega4/memx-const/mapped\libavr128da48.a
END GROUP
                [0x0000000000000000]                __TEXT_REGION_ORIGIN__ = DEFINED (__TEXT_REGION_ORIGIN__)?__TEXT_REGION_ORIGIN__:0x0
                [0x0000000000804000]                __DATA_REGION_ORIGIN__ = DEFINED (__DATA_REGION_ORIGIN__)?__DATA_REGION_ORIGIN__:0x802000
                [0x0000000000020000]                __TEXT_REGION_LENGTH__ = DEFINED (__TEXT_REGION_LENGTH__)?__TEXT_REGION_LENGTH__:0x100000
                [0x0000000000004000]                __DATA_REGION_LENGTH__ = DEFINED (__DATA_REGION_LENGTH__)?__DATA_REGION_LENGTH__:0xffa0
                [0x0000000000000200]                __EEPROM_REGION_LENGTH__ = DEFINED (__EEPROM_REGION_LENGTH__)?__EEPROM_REGION_LENGTH__:0x10000
                [0x0000000000000010]                __FUSE_REGION_LENGTH__ = DEFINED (__FUSE_REGION_LENGTH__)?__FUSE_REGION_LENGTH__:0x400
                0x0000000000000400                __LOCK_REGION_LENGTH__ = DEFINED (__LOCK_REGION_LENGTH__)?__LOCK_REGION_LENGTH__:0x400
                0x0000000000000400                __SIGNATURE_REGION_LENGTH__ = DEFINED (__SIGNATURE_REGION_LENGTH__)?__SIGNATURE_REGION_LENGTH__:0x400
                0x0000000000000400                __USER_SIGNATURE_REGION_LENGTH__ = DEFINED (__USER_SIGNATURE_REGION_LENGTH__)?__USER_SIGNATURE_REGION_LENGTH__:0x400

.hash
 *(.hash)

.dynsym
 *(.dynsym)

.dynstr
 *(.dynstr)

.gnu.version
 *(.gnu.version)

.gnu.version_d
 *(.gnu.version_d)

.gnu.version_r
 *(.gnu.version_r)

.rel.init
 *(.rel.init)

.rela.init
 *(.rela.init)

.rel.text
 *(.rel.text)
 *(.rel.text.*)
 *(.rel.gnu.linkonce.t*)

.rela.text
 *(.rela.text)
 *(.rela.text.*)
 *(.rela.gnu.linkonce.t*)

.rel.fini
 *(.rel.fini)

.rela.fini
 *(.rela.fini)

.rel.rodata
 *(.rel.rodata)
 *(.rel.rodata.*)
 *(.rel.gnu.linkonce.r*)

.rela.rodata
 *(.rela.rodata)
 *(.rela.rodata.*)
 *(.rela.gnu.linkonce.r*)

.rel.data
 *(.rel.data)
 *(.rel.data.*)
 *(.rel.gnu.linkonce.d*)

.rela.data
 *(.rela.data)
 *(.rela.data.*)
 *(.rela.gnu.linkonce.d*)

.rel.ctors
 *(.rel.ctors)

.rela.ctors
 *(.rela.ctors)

.rel.dtors
 *(.rel.dtors)

.rela.dtors
 *(.rela.dtors)

.rel.got
 *(.rel.got)

.rela.got
 *(.rela.got)

.rel.bss
 *(.rel.bss)

.rela.bss
 *(.rela.bss)

.rel.plt
 *(.rel.plt)

.rela.plt
 *(.rela.plt)

.text           0x0000000000000000      0x154
 *(.vectors)
 .vectors       0x0000000000000000       0xe8 C:/Program Files/Microchip/MPLABX/v6.00/packs/Microchip/AVR-Dx_DFP/1.10.124/xc8/avr/lib/avrxmega4/memx-const/mapped/crtavr128da48.o
                0x0000000000000000                __vector_default
                0x0000000000000000                __vectors
 *(.vectors)
 *(.progmem.gcc*)
 *(.dinit)
 .dinit         0x00000000000000e8        0x5 data_init
                0x00000000000000ee                . = ALIGN (0x2)
 *fill*         0x00000000000000ed        0x1 
                0x00000000000000ee                __trampolines_start = .
 *(.trampolines)
 .trampolines   0x00000000000000ee        0x0 linker stubs
 *(.trampolines*)
                0x00000000000000ee                __trampolines_end = .
 *libprintf_flt.a:*(.progmem.data)
 *libc.a:*(.progmem.data)
                0x00000000000000ee                . = ALIGN (0x2)
 *(.jumptables)
 *(.jumptables*)
 *(.lowtext)
 *(.lowtext*)
                0x00000000000000ee                __ctors_start = .
 *(.ctors)
                0x00000000000000ee                __ctors_end = .
                0x00000000000000ee                __dtors_start = .
 *(.dtors)
                0x00000000000000ee                __dtors_end = .
 SORT(*)(.ctors)
 SORT(*)(.dtors)
 *(.init0)
 .init0         0x00000000000000ee        0x0 C:/Program Files/Microchip/MPLABX/v6.00/packs/Microchip/AVR-Dx_DFP/1.10.124/xc8/avr/lib/avrxmega4/memx-const/mapped/crtavr128da48.o
                0x00000000000000ee                __init
 *(.init0)
 *(.init1)
 .init1         0x00000000000000ee        0xe C:/Program Files/Microchip/MPLABX/v6.00/packs/Microchip/AVR-Dx_DFP/1.10.124/xc8/avr/lib/avrxmega4/memx-const/mapped/crtavr128da48.o
 *(.init1)
 *(.init2)
 .init2         0x00000000000000fc        0xc C:/Program Files/Microchip/MPLABX/v6.00/packs/Microchip/AVR-Dx_DFP/1.10.124/xc8/avr/lib/avrxmega4/memx-const/mapped/crtavr128da48.o
 *(.init2)
 *(.init3)
 *(.init3)
 *(.init4)
 .init4         0x0000000000000108       0x40 c:/program files/microchip/xc8/v2.36/avr/bin/../lib/gcc/avr/5.4.0/avrxmega4/memx-const/mapped\libgcc.a(_copy_data.o)
                0x0000000000000108                __do_copy_data
                0x000000000000013a                __do_clear_bss
 *(.init4)
 *(.init5)
 *(.init5)
 *(.init6)
 *(.init6)
 *(.init7)
 *(.init7)
 *(.init8)
 *(.init8)
 *(.init9)
 .init9         0x0000000000000148        0x8 C:/Program Files/Microchip/MPLABX/v6.00/packs/Microchip/AVR-Dx_DFP/1.10.124/xc8/avr/lib/avrxmega4/memx-const/mapped/crtavr128da48.o
 *(.init9)
                0x0000000000000150                . = ALIGN (0x2)
 *(.fini9)
 .fini9         0x0000000000000150        0x0 c:/program files/microchip/xc8/v2.36/avr/bin/../lib/gcc/avr/5.4.0/avrxmega4/memx-const/mapped\libgcc.a(_exit.o)
                0x0000000000000150                _exit
 *(.fini9)
 *(.fini8)
 *(.fini8)
 *(.fini7)
 *(.fini7)
 *(.fini6)
 *(.fini6)
 *(.fini5)
 *(.fini5)
 *(.fini4)
 *(.fini4)
 *(.fini3)
 *(.fini3)
 *(.fini2)
 *(.fini2)
 *(.fini1)
 *(.fini1)
 *(.fini0)
 .fini0         0x0000000000000150        0x4 c:/program files/microchip/xc8/v2.36/avr/bin/../lib/gcc/avr/5.4.0/avrxmega4/memx-const/mapped\libgcc.a(_exit.o)
 *(.fini0)
                0x0000000000000154                _etext = .

.data           0x0000000000804000        0x0 load address 0x0000000000000154
                [!provide]                        PROVIDE (__data_start, .)
 *(.gnu.linkonce.d*)
 *(.gnu.linkonce.r*)
                0x0000000000804000                . = ALIGN (0x2)
                0x0000000000804000                _edata = .
                [!provide]                        PROVIDE (__data_end, .)

.bss            0x0000000000804000        0x0
                [!provide]                        PROVIDE (__bss_start, .)
 *(COMMON)
                [!provide]                        PROVIDE (__bss_end, .)
                0x0000000000000154                __data_load_start = LOADADDR (.data)
                0x0000000000000154                __data_load_end = (__data_load_start + SIZEOF (.data))

.noinit         0x0000000000804000        0x0
                [!provide]                        PROVIDE (__noinit_start, .)
 *(.noinit*)
                [!provide]                        PROVIDE (__noinit_end, .)
                0x0000000000804000                _end = .

.eeprom         0x0000000000810000        0x0
 *(.eeprom*)
                0x0000000000810000                __eeprom_end = .

.fuse
 *(.fuse)
 *(.lfuse)
 *(.hfuse)
 *(.efuse)

.lock
 *(.lock*)

.signature
 *(.signature*)

.user_signatures
 *(.user_signatures*)

.stab
 *(.stab)

.stabstr
 *(.stabstr)

.stab.excl
 *(.stab.excl)

.stab.exclstr
 *(.stab.exclstr)

.stab.index
 *(.stab.index)

.stab.indexstr
 *(.stab.indexstr)

.comment        0x0000000000000000       0x2f
 *(.comment)
 .comment       0x0000000000000000       0x2f build/default/production/main.o
                                         0x30 (size before relaxing)
 .comment       0x000000000000002f       0x30 build/default/production/usart.o
 .comment       0x000000000000002f       0x30 build/default/production/command.o
 .comment       0x000000000000002f       0x30 c:/program files/microchip/xc8/v2.36/avr/bin/../lib/gcc/avr/5.4.0/../../../../avr/lib/avrxmega4/memx-const/mapped\libc.a(exit.o)
 .comment       0x000000000000002f       0x30 c:/program files/microchip/xc8/v2.36/avr/bin/../lib/gcc/avr/5.4.0/../../../../avr/lib/avrxmega4/memx-const/mapped\libc.a(memset.o)
 .comment       0x000000000000002f       0x30 c:/program files/microchip/xc8/v2.36/avr/bin/../lib/gcc/avr/5.4.0/../../../../avr/lib/avrxmega4/memx-const/mapped\libc.a(strcmp.o)
 .comment       0x000000000000002f       0x30 c:/program files/microchip/xc8/v2.36/avr/bin/../lib/gcc/avr/5.4.0/../../../../avr/lib/avrxmega4/memx-const/mapped\libc.a(strcpy.o)
 .comment       0x000000000000002f       0x30 c:/program files/microchip/xc8/v2.36/avr/bin/../lib/gcc/avr/5.4.0/../../../../avr/lib/avrxmega4/memx-const/mapped\libc.a(_Exit.o)

.note.GNU-stack
                0x0000000000000000        0x0
 .note.GNU-stack
                0x0000000000000000        0x0 c:/program files/microchip/xc8/v2.36/avr/bin/../lib/gcc/avr/5.4.0/../../../../avr/lib/avrxmega4/memx-const/mapped\libc.a(exit.o)
 .note.GNU-stack
                0x0000000000000000        0x0 c:/program files/microchip/xc8/v2.36/avr/bin/../lib/gcc/avr/5.4.0/../../../../avr/lib/avrxmega4/memx-const/mapped\libc.a(memset.o)
 .note.GNU-stack
                0x0000000000000000        0x0 c:/program files/microchip/xc8/v2.36/avr/bin/../lib/gcc/avr/5.4.0/../../../../avr/lib/avrxmega4/memx-const/mapped\libc.a(strcmp.o)
 .note.GNU-stack
                0x0000000000000000        0x0 c:/program files/microchip/xc8/v2.36/avr/bin/../lib/gcc/avr/5.4.0/../../../../avr/lib/avrxmega4/memx-const/mapped\libc.a(strcpy.o)
 .note.GNU-stack
                0x0000000000000000        0x0 c:/program files/microchip/xc8/v2.36/avr/bin/../lib/gcc/avr/5.4.0/../../../../avr/lib/avrxmega4/memx-const/mapped\libc.a(_Exit.o)

.stack.descriptors.hdr
                0x0000000000000000        0xe
 .stack.descriptors.hdr
                0x0000000000000000        0xe c:/program files/microchip/xc8/v2.36/avr/bin/../lib/gcc/avr/5.4.0/avrxmega4/memx-const/mapped\libgcc.a(_exit.o)

.note.gnu.build-id
 *(.note.gnu.build-id)

.debug
 *(.debug)

.line
 *(.line)

.debug_srcinfo
 *(.debug_srcinfo)

.debug_sfnames
 *(.debug_sfnames)

.debug_aranges  0x0000000000000000       0xa0
 *(.debug_aranges)
 .debug_aranges
                0x0000000000000000       0x40 build/default/production/main.o
 .debug_aranges
                0x0000000000000040       0x30 build/default/production/usart.o
 .debug_aranges
                0x0000000000000070       0x30 build/default/production/command.o

.debug_pubnames
 *(.debug_pubnames)

.debug_info     0x0000000000000000     0x4040
 *(.debug_info .gnu.linkonce.wi.*)
 .debug_info    0x0000000000000000     0x2c24 C:/Program Files/Microchip/MPLABX/v6.00/packs/Microchip/AVR-Dx_DFP/1.10.124/xc8/avr/lib/avrxmega4/memx-const/mapped/crtavr128da48.o
 .debug_info    0x0000000000002c24      0x80b build/default/production/main.o
 .debug_info    0x000000000000342f      0x6b2 build/default/production/usart.o
 .debug_info    0x0000000000003ae1      0x55f build/default/production/command.o

.debug_abbrev   0x0000000000000000     0x2e21
 *(.debug_abbrev)
 .debug_abbrev  0x0000000000000000     0x29ce C:/Program Files/Microchip/MPLABX/v6.00/packs/Microchip/AVR-Dx_DFP/1.10.124/xc8/avr/lib/avrxmega4/memx-const/mapped/crtavr128da48.o
 .debug_abbrev  0x00000000000029ce      0x1a8 build/default/production/main.o
 .debug_abbrev  0x0000000000002b76      0x14c build/default/production/usart.o
 .debug_abbrev  0x0000000000002cc2      0x15f build/default/production/command.o

.debug_line     0x0000000000000000      0x701
 *(.debug_line .debug_line.* .debug_line_end)
 .debug_line    0x0000000000000000      0x222 C:/Program Files/Microchip/MPLABX/v6.00/packs/Microchip/AVR-Dx_DFP/1.10.124/xc8/avr/lib/avrxmega4/memx-const/mapped/crtavr128da48.o
 .debug_line    0x0000000000000222      0x1bc build/default/production/main.o
 .debug_line    0x00000000000003de      0x175 build/default/production/usart.o
 .debug_line    0x0000000000000553      0x1ae build/default/production/command.o

.debug_frame    0x0000000000000000      0x19c
 *(.debug_frame)
 .debug_frame   0x0000000000000000       0xac build/default/production/main.o
 .debug_frame   0x00000000000000ac       0x64 build/default/production/usart.o
 .debug_frame   0x0000000000000110       0x8c build/default/production/command.o

.debug_str      0x0000000000000000     0x139b
 *(.debug_str)
 .debug_str     0x0000000000000000     0x1320 C:/Program Files/Microchip/MPLABX/v6.00/packs/Microchip/AVR-Dx_DFP/1.10.124/xc8/avr/lib/avrxmega4/memx-const/mapped/crtavr128da48.o
 .debug_str     0x0000000000001320       0x4e build/default/production/main.o
 .debug_str     0x000000000000136e        0xb build/default/production/usart.o
 .debug_str     0x0000000000001379       0x22 build/default/production/command.o

.debug_loc      0x0000000000000000      0x1ed
 *(.debug_loc)
 .debug_loc     0x0000000000000000       0x13 build/default/production/main.o
 .debug_loc     0x0000000000000013       0x5a build/default/production/usart.o
 .debug_loc     0x000000000000006d      0x180 build/default/production/command.o

.debug_macinfo
 *(.debug_macinfo)

.debug_weaknames
 *(.debug_weaknames)

.debug_funcnames
 *(.debug_funcnames)

.debug_typenames
 *(.debug_typenames)

.debug_varnames
 *(.debug_varnames)

.debug_pubtypes
 *(.debug_pubtypes)

.debug_ranges   0x0000000000000000       0x70
 *(.debug_ranges)
 .debug_ranges  0x0000000000000000       0x30 build/default/production/main.o
 .debug_ranges  0x0000000000000030       0x20 build/default/production/usart.o
 .debug_ranges  0x0000000000000050       0x20 build/default/production/command.o

.debug_macro
 *(.debug_macro)
OUTPUT(dist/default/production/avr128da48_web-serial-example.X.production.elf elf32-avr)
LOAD linker stubs
LOAD data_init

.note.gnu.avr.deviceinfo
                0x0000000000000000       0x40
 .note.gnu.avr.deviceinfo
                0x0000000000000000       0x40 C:/Program Files/Microchip/MPLABX/v6.00/packs/Microchip/AVR-Dx_DFP/1.10.124/xc8/avr/lib/avrxmega4/memx-const/mapped/crtavr128da48.o

.bss.buff_idx   0x0000000000804082        0x1
 .bss.buff_idx  0x0000000000804082        0x1 build/default/production/main.o
                0x0000000000804082                buff_idx

.bss.buffer     0x000000000080406e       0x14
 .bss.buffer    0x000000000080406e       0x14 build/default/production/main.o
                0x000000000080406e                buffer

.bss.cmd_idx    0x0000000000804083        0x1
 .bss.cmd_idx   0x0000000000804083        0x1 build/default/production/command.o
                0x0000000000804083                cmd_idx

.bss.commands   0x0000000000804000       0x6e
 .bss.commands  0x0000000000804000       0x6e build/default/production/command.o
                0x0000000000804000                commands

.rodata         0x0000000000808154       0x7b load address 0x0000000000000154
 .rodata        0x0000000000808154       0x7b build/default/production/command.o

.rodata         0x00000000008081cf       0x24 load address 0x00000000000001cf
 .rodata        0x00000000008081cf       0x24 build/default/production/main.o

.text.__vector_31
                0x00000000000001f4       0x9c
 .text.__vector_31
                0x00000000000001f4       0x9c build/default/production/main.o
                0x00000000000001f4                __vector_31

.text.command_process
                0x0000000000000290       0x7e
 .text.command_process
                0x0000000000000290       0x7e build/default/production/command.o
                0x0000000000000290                command_process

.text.command_define
                0x000000000000030e       0x70
 .text.command_define
                0x000000000000030e       0x70 build/default/production/command.o
                0x000000000000030e                command_define

.text.command_list
                0x000000000000037e       0x4c
 .text.command_list
                0x000000000000037e       0x4c build/default/production/command.o
                0x000000000000037e                command_list

.text.USART1_SendString
                0x00000000000003ca       0x44
 .text.USART1_SendString
                0x00000000000003ca       0x44 build/default/production/usart.o
                0x00000000000003ca                USART1_SendString

.text.main      0x000000000000040e       0x32
 .text.main     0x000000000000040e       0x32 build/default/production/main.o
                0x000000000000040e                main

.text.USART1_Initialize
                0x0000000000000440       0x2c
 .text.USART1_Initialize
                0x0000000000000440       0x2c build/default/production/usart.o
                0x0000000000000440                USART1_Initialize

.text.strcmp    0x000000000000046c       0x1c
 .text.strcmp   0x000000000000046c       0x1c c:/program files/microchip/xc8/v2.36/avr/bin/../lib/gcc/avr/5.4.0/../../../../avr/lib/avrxmega4/memx-const/mapped\libc.a(strcmp.o)
                0x000000000000046c                strcmp

.text.exit      0x0000000000000488       0x16
 .text.exit     0x0000000000000488       0x16 c:/program files/microchip/xc8/v2.36/avr/bin/../lib/gcc/avr/5.4.0/../../../../avr/lib/avrxmega4/memx-const/mapped\libc.a(exit.o)
                0x0000000000000488                exit

.text.memset    0x000000000000049e       0x12
 .text.memset   0x000000000000049e       0x12 c:/program files/microchip/xc8/v2.36/avr/bin/../lib/gcc/avr/5.4.0/../../../../avr/lib/avrxmega4/memx-const/mapped\libc.a(memset.o)
                0x000000000000049e                memset

.text.USART1_SendChar
                0x00000000000004b0       0x10
 .text.USART1_SendChar
                0x00000000000004b0       0x10 build/default/production/usart.o
                0x00000000000004b0                USART1_SendChar

.text.strcpy    0x00000000000004c0       0x10
 .text.strcpy   0x00000000000004c0       0x10 c:/program files/microchip/xc8/v2.36/avr/bin/../lib/gcc/avr/5.4.0/../../../../avr/lib/avrxmega4/memx-const/mapped\libc.a(strcpy.o)
                0x00000000000004c0                strcpy

.text.hello_world
                0x00000000000004d0        0xa
 .text.hello_world
                0x00000000000004d0        0xa build/default/production/main.o
                0x00000000000004d0                hello_world

.text.led_toggle
                0x00000000000004da        0x8
 .text.led_toggle
                0x00000000000004da        0x8 build/default/production/main.o
                0x00000000000004da                led_toggle

.text           0x00000000000004e2        0x4
 .text          0x00000000000004e2        0x4 C:/Program Files/Microchip/MPLABX/v6.00/packs/Microchip/AVR-Dx_DFP/1.10.124/xc8/avr/lib/avrxmega4/memx-const/mapped/crtavr128da48.o
                0x00000000000004e2                __vector_38
                0x00000000000004e2                __vector_22
                0x00000000000004e2                __vector_28
                0x00000000000004e2                __vector_1
                0x00000000000004e2                __vector_32
                0x00000000000004e2                __vector_34
                0x00000000000004e2                __vector_24
                0x00000000000004e2                __vector_12
                0x00000000000004e2                __vector_55
                0x00000000000004e2                __vector_46
                0x00000000000004e2                __bad_interrupt
                0x00000000000004e2                __vector_6
                0x00000000000004e2                __vector_35
                0x00000000000004e2                __vector_39
                0x00000000000004e2                __vector_3
                0x00000000000004e2                __vector_23
                0x00000000000004e2                __vector_30
                0x00000000000004e2                __vector_45
                0x00000000000004e2                __vector_25
                0x00000000000004e2                __vector_11
                0x00000000000004e2                __vector_54
                0x00000000000004e2                __vector_13
                0x00000000000004e2                __vector_17
                0x00000000000004e2                __vector_19
                0x00000000000004e2                __vector_56
                0x00000000000004e2                __vector_7
                0x00000000000004e2                __vector_49
                0x00000000000004e2                __vector_41
                0x00000000000004e2                __vector_43
                0x00000000000004e2                __vector_27
                0x00000000000004e2                __vector_5
                0x00000000000004e2                __vector_33
                0x00000000000004e2                __vector_47
                0x00000000000004e2                __vector_52
                0x00000000000004e2                __vector_37
                0x00000000000004e2                __vector_4
                0x00000000000004e2                __vector_44
                0x00000000000004e2                __vector_51
                0x00000000000004e2                __vector_9
                0x00000000000004e2                __vector_2
                0x00000000000004e2                __vector_21
                0x00000000000004e2                __vector_15
                0x00000000000004e2                __vector_36
                0x00000000000004e2                __vector_29
                0x00000000000004e2                __vector_40
                0x00000000000004e2                __vector_8
                0x00000000000004e2                __vector_26
                0x00000000000004e2                __vector_48
                0x00000000000004e2                __vector_14
                0x00000000000004e2                __vector_57
                0x00000000000004e2                __vector_53
                0x00000000000004e2                __vector_10
                0x00000000000004e2                __vector_50
                0x00000000000004e2                __vector_16
                0x00000000000004e2                __vector_18
                0x00000000000004e2                __vector_20
                0x00000000000004e2                __vector_42

.text._Exit     0x00000000000004e6        0x4
 .text._Exit    0x00000000000004e6        0x4 c:/program files/microchip/xc8/v2.36/avr/bin/../lib/gcc/avr/5.4.0/../../../../avr/lib/avrxmega4/memx-const/mapped\libc.a(_Exit.o)
                0x00000000000004e6                _Exit

.text.__dummy_fini
                0x00000000000004ea        0x2
 .text.__dummy_fini
                0x00000000000004ea        0x2 c:/program files/microchip/xc8/v2.36/avr/bin/../lib/gcc/avr/5.4.0/../../../../avr/lib/avrxmega4/memx-const/mapped\libc.a(exit.o)
                0x00000000000004ea                _fini

.text.__dummy_funcs_on_exit
                0x00000000000004ec        0x2
 .text.__dummy_funcs_on_exit
                0x00000000000004ec        0x2 c:/program files/microchip/xc8/v2.36/avr/bin/../lib/gcc/avr/5.4.0/../../../../avr/lib/avrxmega4/memx-const/mapped\libc.a(exit.o)
                0x00000000000004ec                __funcs_on_exit

.text.__dummy_simulator_exit
                0x00000000000004ee        0x2
 .text.__dummy_simulator_exit
                0x00000000000004ee        0x2 c:/program files/microchip/xc8/v2.36/avr/bin/../lib/gcc/avr/5.4.0/../../../../avr/lib/avrxmega4/memx-const/mapped\libc.a(exit.o)
                0x00000000000004ee                __simulator_exit
